// Jest Snapshot v1, https://goo.gl/fbAQLP

exports[`Should render Header correctly 1`] = `
<header>
  <h1>
    Expensify
  </h1>
  <ForwardRef
    activeClassName="is-active"
    exact={true}
    to="/"
  >
     Home
  </ForwardRef>
  <ForwardRef
    activeClassName="is-active"
    to="/add"
  >
    Add Expense
  </ForwardRef>
  <ForwardRef
    activeClassName="is-active"
    to="/help"
  >
    Help
  </ForwardRef>
</header>
`;
